<<<<<<< HEAD
[debug] [2026-03-28T15:04:21.098Z] [Firebase Plugin] Activating Firebase extension.
[debug] [2026-03-28T15:04:24.213Z] [Firebase Plugin] requireAuthWrapper
[debug] [2026-03-28T15:04:24.215Z] > command requires scopes: ["email","openid","https://www.googleapis.com/auth/cloudplatformprojects.readonly","https://www.googleapis.com/auth/firebase","https://www.googleapis.com/auth/cloud-platform"]
[debug] [2026-03-28T15:04:24.234Z] [Firebase Plugin] VSCode notification server listening on port 40001
[error] [Firebase Plugin] requireAuth error: Could not load the default credentials. Browse to https://cloud.google.com/docs/authentication/getting-started for more information.
[info] [Firebase Plugin] Starting Data Connect toolkit (version 3.2.1) on port 50001
[debug] [2026-03-28T15:04:25.239Z] 'fdc build' failed with error: Unable to build your Data Connect schema and connectors (exit code 1): E0328 23:04:25.178886   20060 cmd.go:43] Error loading data connect config: could not find dataconnect.yaml in `d:\Codes\LitterSense-CSP-WebApp\dataconnect`
 {"metadata":{"emulator":{"name":"dataconnect"},"message":"'fdc build' failed with error: Unable to build your Data Connect schema and connectors (exit code 1): E0328 23:04:25.178886   20060 cmd.go:43] Error loading data connect config: could not find dataconnect.yaml in `d:\\Codes\\LitterSense-CSP-WebApp\\dataconnect`\n"}}
[debug] [2026-03-28T15:04:25.240Z] Ignoring unsupported arg: auto_download {"metadata":{"emulator":{"name":"dataconnect"},"message":"Ignoring unsupported arg: auto_download"}}
[debug] [2026-03-28T15:04:25.241Z] Ignoring unsupported arg: port {"metadata":{"emulator":{"name":"dataconnect"},"message":"Ignoring unsupported arg: port"}}
[debug] [2026-03-28T15:04:25.241Z] Starting Data Connect Emulator with command {"binary":"C:\\Users\\masca\\.cache\\firebase\\emulators\\dataconnect-emulator-3.2.1.exe","args":["--logtostderr","-v=2","dev","--listen=localhost:50001","--config_dir=d:\\Codes\\LitterSense-CSP-WebApp\\dataconnect","--enable_output_schema_extensions=true","--enable_output_generated_sdk=true"],"optionalArgs":["listen","config_dir","enable_output_schema_extensions","enable_output_generated_sdk"],"joinArgs":true,"shell":false,"port":9399} {"metadata":{"emulator":{"name":"dataconnect"},"message":"Starting Data Connect Emulator with command {\"binary\":\"C:\\\\Users\\\\masca\\\\.cache\\\\firebase\\\\emulators\\\\dataconnect-emulator-3.2.1.exe\",\"args\":[\"--logtostderr\",\"-v=2\",\"dev\",\"--listen=localhost:50001\",\"--config_dir=d:\\\\Codes\\\\LitterSense-CSP-WebApp\\\\dataconnect\",\"--enable_output_schema_extensions=true\",\"--enable_output_generated_sdk=true\"],\"optionalArgs\":[\"listen\",\"config_dir\",\"enable_output_schema_extensions\",\"enable_output_generated_sdk\"],\"joinArgs\":true,\"shell\":false,\"port\":9399}"}}
[info] i  dataconnect: Data Connect Emulator logging to dataconnect-debug.log {"metadata":{"emulator":{"name":"dataconnect"},"message":"Data Connect Emulator logging to \u001b[1mdataconnect-debug.log\u001b[22m"}}
[debug] [2026-03-28T15:04:25.381Z] E0328 23:04:25.290023   11192 dev.go:83] Failed to load initial config from "d:\\Codes\\LitterSense-CSP-WebApp\\dataconnect": could not find dataconnect.yaml in `d:\Codes\LitterSense-CSP-WebApp\dataconnect`
E0328 23:04:25.380701   11192 watch.go:116] watchAllDir unable to walk dir `d:\Codes\LitterSense-CSP-WebApp\dataconnect`: CreateFile d:\Codes\LitterSense-CSP-WebApp\dataconnect: The system cannot find the file specified.
 {"metadata":{"emulator":{"name":"dataconnect"},"message":"E0328 23:04:25.290023   11192 dev.go:83] Failed to load initial config from \"d:\\\\Codes\\\\LitterSense-CSP-WebApp\\\\dataconnect\": could not find dataconnect.yaml in `d:\\Codes\\LitterSense-CSP-WebApp\\dataconnect`\nE0328 23:04:25.380701   11192 watch.go:116] watchAllDir unable to walk dir `d:\\Codes\\LitterSense-CSP-WebApp\\dataconnect`: CreateFile d:\\Codes\\LitterSense-CSP-WebApp\\dataconnect: The system cannot find the file specified.\n"}}
[debug] [2026-03-28T15:04:25.396Z] I0328 23:04:25.396149   11192 dev.go:104] Listening on address (HTTP + gRPC): 127.0.0.1:50001
 {"metadata":{"emulator":{"name":"dataconnect"},"message":"I0328 23:04:25.396149   11192 dev.go:104] Listening on address (HTTP + gRPC): 127.0.0.1:50001\n"}}
[error] [Firebase Plugin] error:  {}
[debug] [2026-03-28T15:04:35.381Z] E0328 23:04:35.382033   11192 watch.go:40] Failed to load config from "d:\\Codes\\LitterSense-CSP-WebApp\\dataconnect": could not find dataconnect.yaml in `d:\Codes\LitterSense-CSP-WebApp\dataconnect`
 {"metadata":{"emulator":{"name":"dataconnect"},"message":"E0328 23:04:35.382033   11192 watch.go:40] Failed to load config from \"d:\\\\Codes\\\\LitterSense-CSP-WebApp\\\\dataconnect\": could not find dataconnect.yaml in `d:\\Codes\\LitterSense-CSP-WebApp\\dataconnect`\n"}}
[debug] [2026-03-28T15:04:45.382Z] E0328 23:04:45.381841   11192 watch.go:40] Failed to load config from "d:\\Codes\\LitterSense-CSP-WebApp\\dataconnect": could not find dataconnect.yaml in `d:\Codes\LitterSense-CSP-WebApp\dataconnect`
 {"metadata":{"emulator":{"name":"dataconnect"},"message":"E0328 23:04:45.381841   11192 watch.go:40] Failed to load config from \"d:\\\\Codes\\\\LitterSense-CSP-WebApp\\\\dataconnect\": could not find dataconnect.yaml in `d:\\Codes\\LitterSense-CSP-WebApp\\dataconnect`\n"}}
[debug] [2026-03-28T15:04:55.381Z] E0328 23:04:55.381551   11192 watch.go:40] Failed to load config from "d:\\Codes\\LitterSense-CSP-WebApp\\dataconnect": could not find dataconnect.yaml in `d:\Codes\LitterSense-CSP-WebApp\dataconnect`
 {"metadata":{"emulator":{"name":"dataconnect"},"message":"E0328 23:04:55.381551   11192 watch.go:40] Failed to load config from \"d:\\\\Codes\\\\LitterSense-CSP-WebApp\\\\dataconnect\": could not find dataconnect.yaml in `d:\\Codes\\LitterSense-CSP-WebApp\\dataconnect`\n"}}
[debug] [2026-03-28T15:05:05.381Z] E0328 23:05:05.382046   11192 watch.go:40] Failed to load config from "d:\\Codes\\LitterSense-CSP-WebApp\\dataconnect": could not find dataconnect.yaml in `d:\Codes\LitterSense-CSP-WebApp\dataconnect`
 {"metadata":{"emulator":{"name":"dataconnect"},"message":"E0328 23:05:05.382046   11192 watch.go:40] Failed to load config from \"d:\\\\Codes\\\\LitterSense-CSP-WebApp\\\\dataconnect\": could not find dataconnect.yaml in `d:\\Codes\\LitterSense-CSP-WebApp\\dataconnect`\n"}}
[debug] [2026-03-28T15:05:15.382Z] E0328 23:05:15.381736   11192 watch.go:40] Failed to load config from "d:\\Codes\\LitterSense-CSP-WebApp\\dataconnect": could not find dataconnect.yaml in `d:\Codes\LitterSense-CSP-WebApp\dataconnect`
 {"metadata":{"emulator":{"name":"dataconnect"},"message":"E0328 23:05:15.381736   11192 watch.go:40] Failed to load config from \"d:\\\\Codes\\\\LitterSense-CSP-WebApp\\\\dataconnect\": could not find dataconnect.yaml in `d:\\Codes\\LitterSense-CSP-WebApp\\dataconnect`\n"}}
[debug] [2026-03-28T15:05:25.382Z] E0328 23:05:25.381781   11192 watch.go:116] watchAllDir unable to walk dir `d:\Codes\LitterSense-CSP-WebApp\dataconnect`: CreateFile d:\Codes\LitterSense-CSP-WebApp\dataconnect: The system cannot find the file specified.
 {"metadata":{"emulator":{"name":"dataconnect"},"message":"E0328 23:05:25.381781   11192 watch.go:116] watchAllDir unable to walk dir `d:\\Codes\\LitterSense-CSP-WebApp\\dataconnect`: CreateFile d:\\Codes\\LitterSense-CSP-WebApp\\dataconnect: The system cannot find the file specified.\n"}}
[debug] [2026-03-28T15:05:25.382Z] E0328 23:05:25.381781   11192 watch.go:40] Failed to load config from "d:\\Codes\\LitterSense-CSP-WebApp\\dataconnect": could not find dataconnect.yaml in `d:\Codes\LitterSense-CSP-WebApp\dataconnect`
 {"metadata":{"emulator":{"name":"dataconnect"},"message":"E0328 23:05:25.381781   11192 watch.go:40] Failed to load config from \"d:\\\\Codes\\\\LitterSense-CSP-WebApp\\\\dataconnect\": could not find dataconnect.yaml in `d:\\Codes\\LitterSense-CSP-WebApp\\dataconnect`\n"}}
[debug] [2026-03-28T15:05:35.382Z] E0328 23:05:35.382035   11192 watch.go:40] Failed to load config from "d:\\Codes\\LitterSense-CSP-WebApp\\dataconnect": could not find dataconnect.yaml in `d:\Codes\LitterSense-CSP-WebApp\dataconnect`
 {"metadata":{"emulator":{"name":"dataconnect"},"message":"E0328 23:05:35.382035   11192 watch.go:40] Failed to load config from \"d:\\\\Codes\\\\LitterSense-CSP-WebApp\\\\dataconnect\": could not find dataconnect.yaml in `d:\\Codes\\LitterSense-CSP-WebApp\\dataconnect`\n"}}
[debug] [2026-03-28T15:05:45.382Z] E0328 23:05:45.381813   11192 watch.go:40] Failed to load config from "d:\\Codes\\LitterSense-CSP-WebApp\\dataconnect": could not find dataconnect.yaml in `d:\Codes\LitterSense-CSP-WebApp\dataconnect`
 {"metadata":{"emulator":{"name":"dataconnect"},"message":"E0328 23:05:45.381813   11192 watch.go:40] Failed to load config from \"d:\\\\Codes\\\\LitterSense-CSP-WebApp\\\\dataconnect\": could not find dataconnect.yaml in `d:\\Codes\\LitterSense-CSP-WebApp\\dataconnect`\n"}}
[debug] [2026-03-28T15:05:55.383Z] E0328 23:05:55.382950   11192 watch.go:40] Failed to load config from "d:\\Codes\\LitterSense-CSP-WebApp\\dataconnect": could not find dataconnect.yaml in `d:\Codes\LitterSense-CSP-WebApp\dataconnect`
 {"metadata":{"emulator":{"name":"dataconnect"},"message":"E0328 23:05:55.382950   11192 watch.go:40] Failed to load config from \"d:\\\\Codes\\\\LitterSense-CSP-WebApp\\\\dataconnect\": could not find dataconnect.yaml in `d:\\Codes\\LitterSense-CSP-WebApp\\dataconnect`\n"}}
[debug] [2026-03-28T15:06:05.382Z] E0328 23:06:05.382254   11192 watch.go:40] Failed to load config from "d:\\Codes\\LitterSense-CSP-WebApp\\dataconnect": could not find dataconnect.yaml in `d:\Codes\LitterSense-CSP-WebApp\dataconnect`
 {"metadata":{"emulator":{"name":"dataconnect"},"message":"E0328 23:06:05.382254   11192 watch.go:40] Failed to load config from \"d:\\\\Codes\\\\LitterSense-CSP-WebApp\\\\dataconnect\": could not find dataconnect.yaml in `d:\\Codes\\LitterSense-CSP-WebApp\\dataconnect`\n"}}
[debug] [2026-03-28T15:06:15.382Z] E0328 23:06:15.382153   11192 watch.go:40] Failed to load config from "d:\\Codes\\LitterSense-CSP-WebApp\\dataconnect": could not find dataconnect.yaml in `d:\Codes\LitterSense-CSP-WebApp\dataconnect`
 {"metadata":{"emulator":{"name":"dataconnect"},"message":"E0328 23:06:15.382153   11192 watch.go:40] Failed to load config from \"d:\\\\Codes\\\\LitterSense-CSP-WebApp\\\\dataconnect\": could not find dataconnect.yaml in `d:\\Codes\\LitterSense-CSP-WebApp\\dataconnect`\n"}}
[debug] [2026-03-28T15:06:25.382Z] E0328 23:06:25.381813   11192 watch.go:116] watchAllDir unable to walk dir `d:\Codes\LitterSense-CSP-WebApp\dataconnect`: CreateFile d:\Codes\LitterSense-CSP-WebApp\dataconnect: The system cannot find the file specified.
 {"metadata":{"emulator":{"name":"dataconnect"},"message":"E0328 23:06:25.381813   11192 watch.go:116] watchAllDir unable to walk dir `d:\\Codes\\LitterSense-CSP-WebApp\\dataconnect`: CreateFile d:\\Codes\\LitterSense-CSP-WebApp\\dataconnect: The system cannot find the file specified.\n"}}
[debug] [2026-03-28T15:06:25.382Z] E0328 23:06:25.382561   11192 watch.go:40] Failed to load config from "d:\\Codes\\LitterSense-CSP-WebApp\\dataconnect": could not find dataconnect.yaml in `d:\Codes\LitterSense-CSP-WebApp\dataconnect`
 {"metadata":{"emulator":{"name":"dataconnect"},"message":"E0328 23:06:25.382561   11192 watch.go:40] Failed to load config from \"d:\\\\Codes\\\\LitterSense-CSP-WebApp\\\\dataconnect\": could not find dataconnect.yaml in `d:\\Codes\\LitterSense-CSP-WebApp\\dataconnect`\n"}}
[debug] [2026-03-28T15:06:35.385Z] E0328 23:06:35.385750   11192 watch.go:40] Failed to load config from "d:\\Codes\\LitterSense-CSP-WebApp\\dataconnect": could not find dataconnect.yaml in `d:\Codes\LitterSense-CSP-WebApp\dataconnect`
 {"metadata":{"emulator":{"name":"dataconnect"},"message":"E0328 23:06:35.385750   11192 watch.go:40] Failed to load config from \"d:\\\\Codes\\\\LitterSense-CSP-WebApp\\\\dataconnect\": could not find dataconnect.yaml in `d:\\Codes\\LitterSense-CSP-WebApp\\dataconnect`\n"}}
[debug] [2026-03-28T15:06:45.382Z] E0328 23:06:45.382086   11192 watch.go:40] Failed to load config from "d:\\Codes\\LitterSense-CSP-WebApp\\dataconnect": could not find dataconnect.yaml in `d:\Codes\LitterSense-CSP-WebApp\dataconnect`
 {"metadata":{"emulator":{"name":"dataconnect"},"message":"E0328 23:06:45.382086   11192 watch.go:40] Failed to load config from \"d:\\\\Codes\\\\LitterSense-CSP-WebApp\\\\dataconnect\": could not find dataconnect.yaml in `d:\\Codes\\LitterSense-CSP-WebApp\\dataconnect`\n"}}
[debug] [2026-03-28T15:06:55.381Z] E0328 23:06:55.381582   11192 watch.go:40] Failed to load config from "d:\\Codes\\LitterSense-CSP-WebApp\\dataconnect": could not find dataconnect.yaml in `d:\Codes\LitterSense-CSP-WebApp\dataconnect`
 {"metadata":{"emulator":{"name":"dataconnect"},"message":"E0328 23:06:55.381582   11192 watch.go:40] Failed to load config from \"d:\\\\Codes\\\\LitterSense-CSP-WebApp\\\\dataconnect\": could not find dataconnect.yaml in `d:\\Codes\\LitterSense-CSP-WebApp\\dataconnect`\n"}}
[debug] [2026-03-28T15:07:05.381Z] E0328 23:07:05.381636   11192 watch.go:40] Failed to load config from "d:\\Codes\\LitterSense-CSP-WebApp\\dataconnect": could not find dataconnect.yaml in `d:\Codes\LitterSense-CSP-WebApp\dataconnect`
 {"metadata":{"emulator":{"name":"dataconnect"},"message":"E0328 23:07:05.381636   11192 watch.go:40] Failed to load config from \"d:\\\\Codes\\\\LitterSense-CSP-WebApp\\\\dataconnect\": could not find dataconnect.yaml in `d:\\Codes\\LitterSense-CSP-WebApp\\dataconnect`\n"}}
[debug] [2026-03-28T15:07:15.381Z] E0328 23:07:15.381692   11192 watch.go:40] Failed to load config from "d:\\Codes\\LitterSense-CSP-WebApp\\dataconnect": could not find dataconnect.yaml in `d:\Codes\LitterSense-CSP-WebApp\dataconnect`
 {"metadata":{"emulator":{"name":"dataconnect"},"message":"E0328 23:07:15.381692   11192 watch.go:40] Failed to load config from \"d:\\\\Codes\\\\LitterSense-CSP-WebApp\\\\dataconnect\": could not find dataconnect.yaml in `d:\\Codes\\LitterSense-CSP-WebApp\\dataconnect`\n"}}
[debug] [2026-03-28T15:07:25.380Z] E0328 23:07:25.381330   11192 watch.go:116] watchAllDir unable to walk dir `d:\Codes\LitterSense-CSP-WebApp\dataconnect`: CreateFile d:\Codes\LitterSense-CSP-WebApp\dataconnect: The system cannot find the file specified.
 {"metadata":{"emulator":{"name":"dataconnect"},"message":"E0328 23:07:25.381330   11192 watch.go:116] watchAllDir unable to walk dir `d:\\Codes\\LitterSense-CSP-WebApp\\dataconnect`: CreateFile d:\\Codes\\LitterSense-CSP-WebApp\\dataconnect: The system cannot find the file specified.\n"}}
[debug] [2026-03-28T15:07:25.381Z] E0328 23:07:25.381837   11192 watch.go:40] Failed to load config from "d:\\Codes\\LitterSense-CSP-WebApp\\dataconnect": could not find dataconnect.yaml in `d:\Codes\LitterSense-CSP-WebApp\dataconnect`
 {"metadata":{"emulator":{"name":"dataconnect"},"message":"E0328 23:07:25.381837   11192 watch.go:40] Failed to load config from \"d:\\\\Codes\\\\LitterSense-CSP-WebApp\\\\dataconnect\": could not find dataconnect.yaml in `d:\\Codes\\LitterSense-CSP-WebApp\\dataconnect`\n"}}
[debug] [2026-03-28T15:07:35.381Z] E0328 23:07:35.382409   11192 watch.go:40] Failed to load config from "d:\\Codes\\LitterSense-CSP-WebApp\\dataconnect": could not find dataconnect.yaml in `d:\Codes\LitterSense-CSP-WebApp\dataconnect`
 {"metadata":{"emulator":{"name":"dataconnect"},"message":"E0328 23:07:35.382409   11192 watch.go:40] Failed to load config from \"d:\\\\Codes\\\\LitterSense-CSP-WebApp\\\\dataconnect\": could not find dataconnect.yaml in `d:\\Codes\\LitterSense-CSP-WebApp\\dataconnect`\n"}}
[debug] [2026-03-28T15:07:45.380Z] E0328 23:07:45.381883   11192 watch.go:40] Failed to load config from "d:\\Codes\\LitterSense-CSP-WebApp\\dataconnect": could not find dataconnect.yaml in `d:\Codes\LitterSense-CSP-WebApp\dataconnect`
 {"metadata":{"emulator":{"name":"dataconnect"},"message":"E0328 23:07:45.381883   11192 watch.go:40] Failed to load config from \"d:\\\\Codes\\\\LitterSense-CSP-WebApp\\\\dataconnect\": could not find dataconnect.yaml in `d:\\Codes\\LitterSense-CSP-WebApp\\dataconnect`\n"}}
[debug] [2026-03-28T15:07:55.381Z] E0328 23:07:55.381660   11192 watch.go:40] Failed to load config from "d:\\Codes\\LitterSense-CSP-WebApp\\dataconnect": could not find dataconnect.yaml in `d:\Codes\LitterSense-CSP-WebApp\dataconnect`
 {"metadata":{"emulator":{"name":"dataconnect"},"message":"E0328 23:07:55.381660   11192 watch.go:40] Failed to load config from \"d:\\\\Codes\\\\LitterSense-CSP-WebApp\\\\dataconnect\": could not find dataconnect.yaml in `d:\\Codes\\LitterSense-CSP-WebApp\\dataconnect`\n"}}
[debug] [2026-03-28T15:08:05.381Z] E0328 23:08:05.382173   11192 watch.go:40] Failed to load config from "d:\\Codes\\LitterSense-CSP-WebApp\\dataconnect": could not find dataconnect.yaml in `d:\Codes\LitterSense-CSP-WebApp\dataconnect`
 {"metadata":{"emulator":{"name":"dataconnect"},"message":"E0328 23:08:05.382173   11192 watch.go:40] Failed to load config from \"d:\\\\Codes\\\\LitterSense-CSP-WebApp\\\\dataconnect\": could not find dataconnect.yaml in `d:\\Codes\\LitterSense-CSP-WebApp\\dataconnect`\n"}}
[debug] [2026-03-28T15:08:15.381Z] E0328 23:08:15.381983   11192 watch.go:40] Failed to load config from "d:\\Codes\\LitterSense-CSP-WebApp\\dataconnect": could not find dataconnect.yaml in `d:\Codes\LitterSense-CSP-WebApp\dataconnect`
 {"metadata":{"emulator":{"name":"dataconnect"},"message":"E0328 23:08:15.381983   11192 watch.go:40] Failed to load config from \"d:\\\\Codes\\\\LitterSense-CSP-WebApp\\\\dataconnect\": could not find dataconnect.yaml in `d:\\Codes\\LitterSense-CSP-WebApp\\dataconnect`\n"}}
[debug] [2026-03-28T15:08:25.381Z] E0328 23:08:25.381463   11192 watch.go:116] watchAllDir unable to walk dir `d:\Codes\LitterSense-CSP-WebApp\dataconnect`: CreateFile d:\Codes\LitterSense-CSP-WebApp\dataconnect: The system cannot find the file specified.
 {"metadata":{"emulator":{"name":"dataconnect"},"message":"E0328 23:08:25.381463   11192 watch.go:116] watchAllDir unable to walk dir `d:\\Codes\\LitterSense-CSP-WebApp\\dataconnect`: CreateFile d:\\Codes\\LitterSense-CSP-WebApp\\dataconnect: The system cannot find the file specified.\n"}}
[debug] [2026-03-28T15:08:25.382Z] E0328 23:08:25.382450   11192 watch.go:40] Failed to load config from "d:\\Codes\\LitterSense-CSP-WebApp\\dataconnect": could not find dataconnect.yaml in `d:\Codes\LitterSense-CSP-WebApp\dataconnect`
 {"metadata":{"emulator":{"name":"dataconnect"},"message":"E0328 23:08:25.382450   11192 watch.go:40] Failed to load config from \"d:\\\\Codes\\\\LitterSense-CSP-WebApp\\\\dataconnect\": could not find dataconnect.yaml in `d:\\Codes\\LitterSense-CSP-WebApp\\dataconnect`\n"}}
=======
[debug] [2026-04-28T02:42:15.443Z] [Firebase Plugin] Activating Firebase extension.
[debug] [2026-04-28T02:42:18.538Z] [Firebase Plugin] requireAuthWrapper
[debug] [2026-04-28T02:42:18.539Z] > command requires scopes: ["email","openid","https://www.googleapis.com/auth/cloudplatformprojects.readonly","https://www.googleapis.com/auth/firebase","https://www.googleapis.com/auth/cloud-platform"]
[debug] [2026-04-28T02:42:18.555Z] [Firebase Plugin] VSCode notification server listening on port 40001
[error] [Firebase Plugin] requireAuth error: Could not load the default credentials. Browse to https://cloud.google.com/docs/authentication/getting-started for more information.
[info] [Firebase Plugin] Starting SQL Connect toolkit (version 3.4.5) on port 50001
[debug] [2026-04-28T02:42:19.077Z] 'fdc build' failed with error: Unable to build your SQL Connect schema and connectors (exit code 1): E0428 10:42:19.019145    5820 cmd.go:43] Error loading data connect config: could not find dataconnect.yaml in `d:\Codes\LitterSense-CSP-WebApp\dataconnect`
 {"metadata":{"emulator":{"name":"dataconnect"},"message":"'fdc build' failed with error: Unable to build your SQL Connect schema and connectors (exit code 1): E0428 10:42:19.019145    5820 cmd.go:43] Error loading data connect config: could not find dataconnect.yaml in `d:\\Codes\\LitterSense-CSP-WebApp\\dataconnect`\n"}}
[debug] [2026-04-28T02:42:19.078Z] Ignoring unsupported arg: auto_download {"metadata":{"emulator":{"name":"dataconnect"},"message":"Ignoring unsupported arg: auto_download"}}
[debug] [2026-04-28T02:42:19.079Z] Ignoring unsupported arg: port {"metadata":{"emulator":{"name":"dataconnect"},"message":"Ignoring unsupported arg: port"}}
[debug] [2026-04-28T02:42:19.079Z] Starting SQL Connect Emulator with command {"binary":"C:\\Users\\masca\\.cache\\firebase\\emulators\\dataconnect-emulator-3.4.5.exe","args":["--logtostderr","-v=2","dev","--listen=localhost:50001","--config_dir=d:\\Codes\\LitterSense-CSP-WebApp\\dataconnect","--enable_output_schema_extensions=true","--enable_output_generated_sdk=true"],"optionalArgs":["listen","config_dir","enable_output_schema_extensions","enable_output_generated_sdk"],"joinArgs":true,"shell":false,"port":9399} {"metadata":{"emulator":{"name":"dataconnect"},"message":"Starting SQL Connect Emulator with command {\"binary\":\"C:\\\\Users\\\\masca\\\\.cache\\\\firebase\\\\emulators\\\\dataconnect-emulator-3.4.5.exe\",\"args\":[\"--logtostderr\",\"-v=2\",\"dev\",\"--listen=localhost:50001\",\"--config_dir=d:\\\\Codes\\\\LitterSense-CSP-WebApp\\\\dataconnect\",\"--enable_output_schema_extensions=true\",\"--enable_output_generated_sdk=true\"],\"optionalArgs\":[\"listen\",\"config_dir\",\"enable_output_schema_extensions\",\"enable_output_generated_sdk\"],\"joinArgs\":true,\"shell\":false,\"port\":9399}"}}
[info] i  dataconnect: SQL Connect Emulator logging to dataconnect-debug.log {"metadata":{"emulator":{"name":"dataconnect"},"message":"SQL Connect Emulator logging to \u001b[1mdataconnect-debug.log\u001b[22m"}}
[debug] [2026-04-28T02:42:19.190Z] E0428 10:42:19.125141   24524 dev.go:83] Failed to load initial config from "d:\\Codes\\LitterSense-CSP-WebApp\\dataconnect": could not find dataconnect.yaml in `d:\Codes\LitterSense-CSP-WebApp\dataconnect`
E0428 10:42:19.185361   24524 watch.go:116] watchAllDir unable to walk dir `d:\Codes\LitterSense-CSP-WebApp\dataconnect`: GetFileAttributesEx d:\Codes\LitterSense-CSP-WebApp\dataconnect: The system cannot find the file specified.
 {"metadata":{"emulator":{"name":"dataconnect"},"message":"E0428 10:42:19.125141   24524 dev.go:83] Failed to load initial config from \"d:\\\\Codes\\\\LitterSense-CSP-WebApp\\\\dataconnect\": could not find dataconnect.yaml in `d:\\Codes\\LitterSense-CSP-WebApp\\dataconnect`\nE0428 10:42:19.185361   24524 watch.go:116] watchAllDir unable to walk dir `d:\\Codes\\LitterSense-CSP-WebApp\\dataconnect`: GetFileAttributesEx d:\\Codes\\LitterSense-CSP-WebApp\\dataconnect: The system cannot find the file specified.\n"}}
[debug] [2026-04-28T02:42:19.194Z] I0428 10:42:19.194229   24524 dev.go:104] Listening on address (HTTP + gRPC): 127.0.0.1:50001
 {"metadata":{"emulator":{"name":"dataconnect"},"message":"I0428 10:42:19.194229   24524 dev.go:104] Listening on address (HTTP + gRPC): 127.0.0.1:50001\n"}}
[error] [Firebase Plugin] error:  {}
[debug] [2026-04-28T02:42:29.186Z] E0428 10:42:29.186147   24524 watch.go:40] Failed to load config from "d:\\Codes\\LitterSense-CSP-WebApp\\dataconnect": could not find dataconnect.yaml in `d:\Codes\LitterSense-CSP-WebApp\dataconnect`
 {"metadata":{"emulator":{"name":"dataconnect"},"message":"E0428 10:42:29.186147   24524 watch.go:40] Failed to load config from \"d:\\\\Codes\\\\LitterSense-CSP-WebApp\\\\dataconnect\": could not find dataconnect.yaml in `d:\\Codes\\LitterSense-CSP-WebApp\\dataconnect`\n"}}
[debug] [2026-04-28T02:42:39.186Z] E0428 10:42:39.186122   24524 watch.go:40] Failed to load config from "d:\\Codes\\LitterSense-CSP-WebApp\\dataconnect": could not find dataconnect.yaml in `d:\Codes\LitterSense-CSP-WebApp\dataconnect`
 {"metadata":{"emulator":{"name":"dataconnect"},"message":"E0428 10:42:39.186122   24524 watch.go:40] Failed to load config from \"d:\\\\Codes\\\\LitterSense-CSP-WebApp\\\\dataconnect\": could not find dataconnect.yaml in `d:\\Codes\\LitterSense-CSP-WebApp\\dataconnect`\n"}}
[debug] [2026-04-28T02:42:49.186Z] E0428 10:42:49.186013   24524 watch.go:40] Failed to load config from "d:\\Codes\\LitterSense-CSP-WebApp\\dataconnect": could not find dataconnect.yaml in `d:\Codes\LitterSense-CSP-WebApp\dataconnect`
 {"metadata":{"emulator":{"name":"dataconnect"},"message":"E0428 10:42:49.186013   24524 watch.go:40] Failed to load config from \"d:\\\\Codes\\\\LitterSense-CSP-WebApp\\\\dataconnect\": could not find dataconnect.yaml in `d:\\Codes\\LitterSense-CSP-WebApp\\dataconnect`\n"}}
[debug] [2026-04-28T02:42:59.186Z] E0428 10:42:59.186378   24524 watch.go:40] Failed to load config from "d:\\Codes\\LitterSense-CSP-WebApp\\dataconnect": could not find dataconnect.yaml in `d:\Codes\LitterSense-CSP-WebApp\dataconnect`
 {"metadata":{"emulator":{"name":"dataconnect"},"message":"E0428 10:42:59.186378   24524 watch.go:40] Failed to load config from \"d:\\\\Codes\\\\LitterSense-CSP-WebApp\\\\dataconnect\": could not find dataconnect.yaml in `d:\\Codes\\LitterSense-CSP-WebApp\\dataconnect`\n"}}
[debug] [2026-04-28T02:43:09.186Z] E0428 10:43:09.186431   24524 watch.go:40] Failed to load config from "d:\\Codes\\LitterSense-CSP-WebApp\\dataconnect": could not find dataconnect.yaml in `d:\Codes\LitterSense-CSP-WebApp\dataconnect`
 {"metadata":{"emulator":{"name":"dataconnect"},"message":"E0428 10:43:09.186431   24524 watch.go:40] Failed to load config from \"d:\\\\Codes\\\\LitterSense-CSP-WebApp\\\\dataconnect\": could not find dataconnect.yaml in `d:\\Codes\\LitterSense-CSP-WebApp\\dataconnect`\n"}}
[debug] [2026-04-28T02:43:19.186Z] E0428 10:43:19.186646   24524 watch.go:116] watchAllDir unable to walk dir `d:\Codes\LitterSense-CSP-WebApp\dataconnect`: GetFileAttributesEx d:\Codes\LitterSense-CSP-WebApp\dataconnect: The system cannot find the file specified.
E0428 10:43:19.186646   24524 watch.go:40] Failed to load config from "d:\\Codes\\LitterSense-CSP-WebApp\\dataconnect": could not find dataconnect.yaml in `d:\Codes\LitterSense-CSP-WebApp\dataconnect`
 {"metadata":{"emulator":{"name":"dataconnect"},"message":"E0428 10:43:19.186646   24524 watch.go:116] watchAllDir unable to walk dir `d:\\Codes\\LitterSense-CSP-WebApp\\dataconnect`: GetFileAttributesEx d:\\Codes\\LitterSense-CSP-WebApp\\dataconnect: The system cannot find the file specified.\nE0428 10:43:19.186646   24524 watch.go:40] Failed to load config from \"d:\\\\Codes\\\\LitterSense-CSP-WebApp\\\\dataconnect\": could not find dataconnect.yaml in `d:\\Codes\\LitterSense-CSP-WebApp\\dataconnect`\n"}}
[debug] [2026-04-28T02:43:29.185Z] E0428 10:43:29.186221   24524 watch.go:40] Failed to load config from "d:\\Codes\\LitterSense-CSP-WebApp\\dataconnect": could not find dataconnect.yaml in `d:\Codes\LitterSense-CSP-WebApp\dataconnect`
 {"metadata":{"emulator":{"name":"dataconnect"},"message":"E0428 10:43:29.186221   24524 watch.go:40] Failed to load config from \"d:\\\\Codes\\\\LitterSense-CSP-WebApp\\\\dataconnect\": could not find dataconnect.yaml in `d:\\Codes\\LitterSense-CSP-WebApp\\dataconnect`\n"}}
[debug] [2026-04-28T02:43:39.194Z] E0428 10:43:39.185972   24524 watch.go:40] Failed to load config from "d:\\Codes\\LitterSense-CSP-WebApp\\dataconnect": could not find dataconnect.yaml in `d:\Codes\LitterSense-CSP-WebApp\dataconnect`
 {"metadata":{"emulator":{"name":"dataconnect"},"message":"E0428 10:43:39.185972   24524 watch.go:40] Failed to load config from \"d:\\\\Codes\\\\LitterSense-CSP-WebApp\\\\dataconnect\": could not find dataconnect.yaml in `d:\\Codes\\LitterSense-CSP-WebApp\\dataconnect`\n"}}
[debug] [2026-04-28T02:43:49.185Z] E0428 10:43:49.186405   24524 watch.go:40] Failed to load config from "d:\\Codes\\LitterSense-CSP-WebApp\\dataconnect": could not find dataconnect.yaml in `d:\Codes\LitterSense-CSP-WebApp\dataconnect`
 {"metadata":{"emulator":{"name":"dataconnect"},"message":"E0428 10:43:49.186405   24524 watch.go:40] Failed to load config from \"d:\\\\Codes\\\\LitterSense-CSP-WebApp\\\\dataconnect\": could not find dataconnect.yaml in `d:\\Codes\\LitterSense-CSP-WebApp\\dataconnect`\n"}}
[debug] [2026-04-28T02:43:59.185Z] E0428 10:43:59.186047   24524 watch.go:40] Failed to load config from "d:\\Codes\\LitterSense-CSP-WebApp\\dataconnect": could not find dataconnect.yaml in `d:\Codes\LitterSense-CSP-WebApp\dataconnect`
 {"metadata":{"emulator":{"name":"dataconnect"},"message":"E0428 10:43:59.186047   24524 watch.go:40] Failed to load config from \"d:\\\\Codes\\\\LitterSense-CSP-WebApp\\\\dataconnect\": could not find dataconnect.yaml in `d:\\Codes\\LitterSense-CSP-WebApp\\dataconnect`\n"}}
[debug] [2026-04-28T02:44:09.186Z] E0428 10:44:09.186203   24524 watch.go:40] Failed to load config from "d:\\Codes\\LitterSense-CSP-WebApp\\dataconnect": could not find dataconnect.yaml in `d:\Codes\LitterSense-CSP-WebApp\dataconnect`
 {"metadata":{"emulator":{"name":"dataconnect"},"message":"E0428 10:44:09.186203   24524 watch.go:40] Failed to load config from \"d:\\\\Codes\\\\LitterSense-CSP-WebApp\\\\dataconnect\": could not find dataconnect.yaml in `d:\\Codes\\LitterSense-CSP-WebApp\\dataconnect`\n"}}
[debug] [2026-04-28T02:44:19.186Z] E0428 10:44:19.186182   24524 watch.go:116] watchAllDir unable to walk dir `d:\Codes\LitterSense-CSP-WebApp\dataconnect`: GetFileAttributesEx d:\Codes\LitterSense-CSP-WebApp\dataconnect: The system cannot find the file specified.
E0428 10:44:19.186182   24524 watch.go:40] Failed to load config from "d:\\Codes\\LitterSense-CSP-WebApp\\dataconnect": could not find dataconnect.yaml in `d:\Codes\LitterSense-CSP-WebApp\dataconnect`
 {"metadata":{"emulator":{"name":"dataconnect"},"message":"E0428 10:44:19.186182   24524 watch.go:116] watchAllDir unable to walk dir `d:\\Codes\\LitterSense-CSP-WebApp\\dataconnect`: GetFileAttributesEx d:\\Codes\\LitterSense-CSP-WebApp\\dataconnect: The system cannot find the file specified.\nE0428 10:44:19.186182   24524 watch.go:40] Failed to load config from \"d:\\\\Codes\\\\LitterSense-CSP-WebApp\\\\dataconnect\": could not find dataconnect.yaml in `d:\\Codes\\LitterSense-CSP-WebApp\\dataconnect`\n"}}
[debug] [2026-04-28T02:44:29.199Z] E0428 10:44:29.198387   24524 watch.go:40] Failed to load config from "d:\\Codes\\LitterSense-CSP-WebApp\\dataconnect": could not find dataconnect.yaml in `d:\Codes\LitterSense-CSP-WebApp\dataconnect`
 {"metadata":{"emulator":{"name":"dataconnect"},"message":"E0428 10:44:29.198387   24524 watch.go:40] Failed to load config from \"d:\\\\Codes\\\\LitterSense-CSP-WebApp\\\\dataconnect\": could not find dataconnect.yaml in `d:\\Codes\\LitterSense-CSP-WebApp\\dataconnect`\n"}}
[debug] [2026-04-28T02:44:39.186Z] E0428 10:44:39.186712   24524 watch.go:40] Failed to load config from "d:\\Codes\\LitterSense-CSP-WebApp\\dataconnect": could not find dataconnect.yaml in `d:\Codes\LitterSense-CSP-WebApp\dataconnect`
 {"metadata":{"emulator":{"name":"dataconnect"},"message":"E0428 10:44:39.186712   24524 watch.go:40] Failed to load config from \"d:\\\\Codes\\\\LitterSense-CSP-WebApp\\\\dataconnect\": could not find dataconnect.yaml in `d:\\Codes\\LitterSense-CSP-WebApp\\dataconnect`\n"}}
[debug] [2026-04-28T02:44:49.188Z] E0428 10:44:49.187829   24524 watch.go:40] Failed to load config from "d:\\Codes\\LitterSense-CSP-WebApp\\dataconnect": could not find dataconnect.yaml in `d:\Codes\LitterSense-CSP-WebApp\dataconnect`
 {"metadata":{"emulator":{"name":"dataconnect"},"message":"E0428 10:44:49.187829   24524 watch.go:40] Failed to load config from \"d:\\\\Codes\\\\LitterSense-CSP-WebApp\\\\dataconnect\": could not find dataconnect.yaml in `d:\\Codes\\LitterSense-CSP-WebApp\\dataconnect`\n"}}
[debug] [2026-04-28T02:44:59.186Z] E0428 10:44:59.186223   24524 watch.go:40] Failed to load config from "d:\\Codes\\LitterSense-CSP-WebApp\\dataconnect": could not find dataconnect.yaml in `d:\Codes\LitterSense-CSP-WebApp\dataconnect`
 {"metadata":{"emulator":{"name":"dataconnect"},"message":"E0428 10:44:59.186223   24524 watch.go:40] Failed to load config from \"d:\\\\Codes\\\\LitterSense-CSP-WebApp\\\\dataconnect\": could not find dataconnect.yaml in `d:\\Codes\\LitterSense-CSP-WebApp\\dataconnect`\n"}}
[debug] [2026-04-28T02:45:09.186Z] E0428 10:45:09.186219   24524 watch.go:40] Failed to load config from "d:\\Codes\\LitterSense-CSP-WebApp\\dataconnect": could not find dataconnect.yaml in `d:\Codes\LitterSense-CSP-WebApp\dataconnect`
 {"metadata":{"emulator":{"name":"dataconnect"},"message":"E0428 10:45:09.186219   24524 watch.go:40] Failed to load config from \"d:\\\\Codes\\\\LitterSense-CSP-WebApp\\\\dataconnect\": could not find dataconnect.yaml in `d:\\Codes\\LitterSense-CSP-WebApp\\dataconnect`\n"}}
[debug] [2026-04-28T02:45:19.186Z] E0428 10:45:19.186014   24524 watch.go:116] watchAllDir unable to walk dir `d:\Codes\LitterSense-CSP-WebApp\dataconnect`: GetFileAttributesEx d:\Codes\LitterSense-CSP-WebApp\dataconnect: The system cannot find the file specified.
E0428 10:45:19.186014   24524 watch.go:40] Failed to load config from "d:\\Codes\\LitterSense-CSP-WebApp\\dataconnect": could not find dataconnect.yaml in `d:\Codes\LitterSense-CSP-WebApp\dataconnect`
 {"metadata":{"emulator":{"name":"dataconnect"},"message":"E0428 10:45:19.186014   24524 watch.go:116] watchAllDir unable to walk dir `d:\\Codes\\LitterSense-CSP-WebApp\\dataconnect`: GetFileAttributesEx d:\\Codes\\LitterSense-CSP-WebApp\\dataconnect: The system cannot find the file specified.\nE0428 10:45:19.186014   24524 watch.go:40] Failed to load config from \"d:\\\\Codes\\\\LitterSense-CSP-WebApp\\\\dataconnect\": could not find dataconnect.yaml in `d:\\Codes\\LitterSense-CSP-WebApp\\dataconnect`\n"}}
[debug] [2026-04-28T02:45:29.186Z] E0428 10:45:29.186133   24524 watch.go:40] Failed to load config from "d:\\Codes\\LitterSense-CSP-WebApp\\dataconnect": could not find dataconnect.yaml in `d:\Codes\LitterSense-CSP-WebApp\dataconnect`
 {"metadata":{"emulator":{"name":"dataconnect"},"message":"E0428 10:45:29.186133   24524 watch.go:40] Failed to load config from \"d:\\\\Codes\\\\LitterSense-CSP-WebApp\\\\dataconnect\": could not find dataconnect.yaml in `d:\\Codes\\LitterSense-CSP-WebApp\\dataconnect`\n"}}
[debug] [2026-04-28T02:45:39.186Z] E0428 10:45:39.186421   24524 watch.go:40] Failed to load config from "d:\\Codes\\LitterSense-CSP-WebApp\\dataconnect": could not find dataconnect.yaml in `d:\Codes\LitterSense-CSP-WebApp\dataconnect`
 {"metadata":{"emulator":{"name":"dataconnect"},"message":"E0428 10:45:39.186421   24524 watch.go:40] Failed to load config from \"d:\\\\Codes\\\\LitterSense-CSP-WebApp\\\\dataconnect\": could not find dataconnect.yaml in `d:\\Codes\\LitterSense-CSP-WebApp\\dataconnect`\n"}}
[debug] [2026-04-28T02:45:49.186Z] E0428 10:45:49.186095   24524 watch.go:40] Failed to load config from "d:\\Codes\\LitterSense-CSP-WebApp\\dataconnect": could not find dataconnect.yaml in `d:\Codes\LitterSense-CSP-WebApp\dataconnect`
 {"metadata":{"emulator":{"name":"dataconnect"},"message":"E0428 10:45:49.186095   24524 watch.go:40] Failed to load config from \"d:\\\\Codes\\\\LitterSense-CSP-WebApp\\\\dataconnect\": could not find dataconnect.yaml in `d:\\Codes\\LitterSense-CSP-WebApp\\dataconnect`\n"}}
[debug] [2026-04-28T02:45:59.186Z] E0428 10:45:59.186612   24524 watch.go:40] Failed to load config from "d:\\Codes\\LitterSense-CSP-WebApp\\dataconnect": could not find dataconnect.yaml in `d:\Codes\LitterSense-CSP-WebApp\dataconnect`
 {"metadata":{"emulator":{"name":"dataconnect"},"message":"E0428 10:45:59.186612   24524 watch.go:40] Failed to load config from \"d:\\\\Codes\\\\LitterSense-CSP-WebApp\\\\dataconnect\": could not find dataconnect.yaml in `d:\\Codes\\LitterSense-CSP-WebApp\\dataconnect`\n"}}
[debug] [2026-04-28T02:46:09.186Z] E0428 10:46:09.186134   24524 watch.go:40] Failed to load config from "d:\\Codes\\LitterSense-CSP-WebApp\\dataconnect": could not find dataconnect.yaml in `d:\Codes\LitterSense-CSP-WebApp\dataconnect`
 {"metadata":{"emulator":{"name":"dataconnect"},"message":"E0428 10:46:09.186134   24524 watch.go:40] Failed to load config from \"d:\\\\Codes\\\\LitterSense-CSP-WebApp\\\\dataconnect\": could not find dataconnect.yaml in `d:\\Codes\\LitterSense-CSP-WebApp\\dataconnect`\n"}}
[debug] [2026-04-28T02:46:19.186Z] E0428 10:46:19.186295   24524 watch.go:116] watchAllDir unable to walk dir `d:\Codes\LitterSense-CSP-WebApp\dataconnect`: GetFileAttributesEx d:\Codes\LitterSense-CSP-WebApp\dataconnect: The system cannot find the file specified.
 {"metadata":{"emulator":{"name":"dataconnect"},"message":"E0428 10:46:19.186295   24524 watch.go:116] watchAllDir unable to walk dir `d:\\Codes\\LitterSense-CSP-WebApp\\dataconnect`: GetFileAttributesEx d:\\Codes\\LitterSense-CSP-WebApp\\dataconnect: The system cannot find the file specified.\n"}}
[debug] [2026-04-28T02:46:19.187Z] E0428 10:46:19.186788   24524 watch.go:40] Failed to load config from "d:\\Codes\\LitterSense-CSP-WebApp\\dataconnect": could not find dataconnect.yaml in `d:\Codes\LitterSense-CSP-WebApp\dataconnect`
 {"metadata":{"emulator":{"name":"dataconnect"},"message":"E0428 10:46:19.186788   24524 watch.go:40] Failed to load config from \"d:\\\\Codes\\\\LitterSense-CSP-WebApp\\\\dataconnect\": could not find dataconnect.yaml in `d:\\Codes\\LitterSense-CSP-WebApp\\dataconnect`\n"}}
[debug] [2026-04-28T02:46:29.186Z] E0428 10:46:29.186819   24524 watch.go:40] Failed to load config from "d:\\Codes\\LitterSense-CSP-WebApp\\dataconnect": could not find dataconnect.yaml in `d:\Codes\LitterSense-CSP-WebApp\dataconnect`
 {"metadata":{"emulator":{"name":"dataconnect"},"message":"E0428 10:46:29.186819   24524 watch.go:40] Failed to load config from \"d:\\\\Codes\\\\LitterSense-CSP-WebApp\\\\dataconnect\": could not find dataconnect.yaml in `d:\\Codes\\LitterSense-CSP-WebApp\\dataconnect`\n"}}
>>>>>>> 17efbada498ec2e9cad260b69ad565f148cb4914
